Renesas Optimizing Linker (W3.05.00 )             02-Dec-2023 00:10:17

*** Options ***

-MAKEUD=DefaultBuild\MilkshopAUTOSAR.lk.ud
-subcommand=DefaultBuild\MilkshopAUTOSAR.clnk
-input=DefaultBuild\alarm.obj
-input=DefaultBuild\event.obj
-input=DefaultBuild\isr2.obj
-input=DefaultBuild\resource.obj
-input=DefaultBuild\scheduler.obj
-input=DefaultBuild\system.obj
-input=DefaultBuild\task.obj
-input=DefaultBuild\alarm_Cfg.obj
-input=DefaultBuild\event_Cfg.obj
-input=DefaultBuild\isr_Cfg.obj
-input=DefaultBuild\resource_Cfg.obj
-input=DefaultBuild\task_Cfg.obj
-input=DefaultBuild\board.obj
-input=DefaultBuild\boot.obj
-input=DefaultBuild\context.obj
-input=DefaultBuild\cstart1.obj
-input=DefaultBuild\cstart2.obj
-input=DefaultBuild\GPIO.obj
-input=DefaultBuild\ISRInit.obj
-input=DefaultBuild\timer.obj
-input=DefaultBuild\r_clkc.obj
-input=DefaultBuild\r_intc.obj
-input=DefaultBuild\r_port.obj
-input=DefaultBuild\r_rlin.obj
-input=DefaultBuild\r_uart.obj
-input=DefaultBuild\r_lin.obj
-input=DefaultBuild\hook.obj
-input=DefaultBuild\main_pe2.obj
-input=DefaultBuild\main.obj
-input=DefaultBuild\application_Cfg.obj
-input=DefaultBuild\memprot_Cfg.obj
-input=DefaultBuild\os_Cfg.obj
-input=DefaultBuild\spinlock_Cfg.obj
-input=DefaultBuild\timingprot_Cfg.obj
-input=DefaultBuild\application.obj
-input=DefaultBuild\spinlock.obj
-input=DefaultBuild\timingprot.obj
-input=DefaultBuild\boot2.obj
-input=DefaultBuild\core.obj
-input=DefaultBuild\lock.obj
-input=DefaultBuild\memprot.obj
-input=DefaultBuild\systemcall.obj
-input=DefaultBuild\counter_Cfg.obj
-input=DefaultBuild\counter.obj
-input=DefaultBuild\ScheduleTable.obj
-input=DefaultBuild\scheduleTable_Cfg.obj
-input=DefaultBuild\string_format_test.obj
-input=DefaultBuild\softwaretimer_Cfg.obj
-input=DefaultBuild\softwaretimer.obj
-input=DefaultBuild\app2.obj
-input=DefaultBuild\app3.obj
-input=DefaultBuild\app4.obj
-input=DefaultBuild\trustedfunc_Cfg.obj
-input=DefaultBuild\app1.obj
-input=DefaultBuild\peripheral.obj
-input=DefaultBuild\Ioc.obj
-debug
-nocompress
-NOOPtimize
-output=DefaultBuild\MilkshopAUTOSAR.abs
-library=v850e3v5\rhf8n.lib
-library=v850e3v5\libmalloc.lib
-list=DefaultBuild\MilkshopAUTOSAR.map
-start=RESET_PE1,EIINTTBL_PE1,SYSTEMCALLTBL/0,.text,IOC_RESERVED_SEC.text,USER_SHARED_SEC.text,LOCAL_RAM_PE1.text,LOCAL_RAM_PE2.text,SELF_AREA.text,GLOBAL_RAM_A.text,RETENTION_RAM.text,OSAPP_app_lion_SEC.text,ISR_I001_SEC.text,ISR_I002_SEC.text,ISR_I003_SEC.text,ISR_I004_SEC.text,TASK_T001_SEC.text,TASK_T002_SEC.text,TASK_T003_SEC.text,OSAPP_app2_SEC.text,ISR_I101_SEC.text,ISR_I102_SEC.text,ISR_I103_SEC.text,ISR_I104_SEC.text,TASK_T101_SEC.text,TASK_T102_SEC.text,TASK_T103_SEC.text,OSAPP_app3_SEC.text,ISR_I005_SEC.text,ISR_I006_SEC.text,TASK_T004_SEC.text,TASK_T005_SEC.text,TASK_T006_SEC.text,OSAPP_app4_SEC.text,ISR_I105_SEC.text,ISR_I106_SEC.text,TASK_T104_SEC.text,TASK_T105_SEC.text,TASK_T106_SEC.text,GLOBAL_RAM_B.text/00008000,RESET_PE2,EIINTTBL_PE2,.const,IOC_RESERVED_SEC.const,USER_SHARED_SEC.const,LOCAL_RAM_PE1.const,LOCAL_RAM_PE2.const,SELF_AREA.const,OSAPP_app_lion_SEC.const,ISR_I001_SEC.const,ISR_I002_SEC.const,ISR_I003_SEC.const,ISR_I004_SEC.const,TASK_T001_SEC.const,TASK_T002_SEC.const,TASK_T003_SEC.const,OSAPP_app2_SEC.const,ISR_I101_SEC.const,ISR_I102_SEC.const,ISR_I103_SEC.const,ISR_I104_SEC.const,TASK_T101_SEC.const,TASK_T102_SEC.const,TASK_T103_SEC.const,OSAPP_app3_SEC.const,ISR_I005_SEC.const,ISR_I006_SEC.const,TASK_T004_SEC.const,TASK_T005_SEC.const,TASK_T006_SEC.const,OSAPP_app4_SEC.const,ISR_I105_SEC.const,ISR_I106_SEC.const,TASK_T104_SEC.const,TASK_T105_SEC.const,TASK_T106_SEC.const,TASK_SysTask_core0.const,TASK_SysTask_core1.const,GLOBAL_RAM_A.const,RETENTION_RAM.const,GLOBAL_RAM_B.const,.data,IOC_RESERVED_SEC.data,USER_SHARED_SEC.data,LOCAL_RAM_PE1.data,LOCAL_RAM_PE2.data,SELF_AREA.data,OSAPP_app_lion_SEC.data,ISR_I001_SEC.data,ISR_I002_SEC.data,ISR_I003_SEC.data,ISR_I004_SEC.data,TASK_T001_SEC.data,TASK_T002_SEC.data,TASK_T003_SEC.data,OSAPP_app2_SEC.data,ISR_I101_SEC.data,ISR_I102_SEC.data,ISR_I103_SEC.data,ISR_I104_SEC.data,TASK_T101_SEC.data,TASK_T102_SEC.data,TASK_T103_SEC.data,OSAPP_app3_SEC.data,ISR_I005_SEC.data,ISR_I006_SEC.data,TASK_T004_SEC.data,TASK_T005_SEC.data,TASK_T006_SEC.data,OSAPP_app4_SEC.data,ISR_I105_SEC.data,ISR_I106_SEC.data,TASK_T104_SEC.data,TASK_T105_SEC.data,TASK_T106_SEC.data,TASK_SysTask_core0.data,TASK_SysTask_core1.data,GLOBAL_RAM_A.data,RETENTION_RAM.data,GLOBAL_RAM_B.data/00800000,LOCAL_RAM_PE2.bss,LOCAL_RAM_PE2.data.R,OSAPP_app2_SEC.bss,OSAPP_app2_SEC.data.R,ISR_I101_SEC.bss,ISR_I101_SEC.data.R,ISR_I102_SEC.bss,ISR_I102_SEC.data.R,ISR_I103_SEC.bss,ISR_I103_SEC.data.R,ISR_I104_SEC.bss,ISR_I104_SEC.data.R,TASK_T101_SEC.bss,TASK_T101_SEC.data.R,TASK_T102_SEC.bss,TASK_T102_SEC.data.R,TASK_T103_SEC.bss,TASK_T103_SEC.data.R,OSAPP_app4_SEC.bss,OSAPP_app4_SEC.data.R,ISR_I105_SEC.bss,ISR_I105_SEC.data.R,ISR_I106_SEC.bss,ISR_I106_SEC.data.R,TASK_T104_SEC.bss,TASK_T104_SEC.data.R,TASK_T105_SEC.bss,TASK_T105_SEC.data.R,TASK_T106_SEC.bss,TASK_T106_SEC.data.R,TASK_SysTask_core1.bss,TASK_SysTask_core1.data.R,ALL_TASK_ISR_STACK_PE2.bss,system_pe2_stack.bss/FE9E0000,LOCAL_RAM_PE1.bss,LOCAL_RAM_PE1.data.R,OSAPP_app_lion_SEC.bss,OSAPP_app_lion_SEC.data.R,ISR_I001_SEC.bss,ISR_I001_SEC.data.R,ISR_I002_SEC.bss,ISR_I002_SEC.data.R,ISR_I003_SEC.bss,ISR_I003_SEC.data.R,ISR_I004_SEC.bss,ISR_I004_SEC.data.R,TASK_T001_SEC.bss,TASK_T001_SEC.data.R,TASK_T002_SEC.bss,TASK_T002_SEC.data.R,TASK_T003_SEC.bss,TASK_T003_SEC.data.R,OSAPP_app3_SEC.bss,OSAPP_app3_SEC.data.R,ISR_I005_SEC.bss,ISR_I005_SEC.data.R,ISR_I006_SEC.bss,ISR_I006_SEC.data.R,TASK_T004_SEC.bss,TASK_T004_SEC.data.R,TASK_T005_SEC.bss,TASK_T005_SEC.data.R,TASK_T006_SEC.bss,TASK_T006_SEC.data.R,TASK_SysTask_core0.bss,TASK_SysTask_core0.data.R,ALL_TASK_ISR_STACK_PE1.bss,system_pe1_stack.bss/FEBC0000,SELF_AREA.bss,SELF_AREA.data.R/FEDFE000,IOC_RESERVED_SEC.bss,IOC_RESERVED_SEC.data.R,GLOBAL_RAM_A.bss,GLOBAL_RAM_A.data.R/FEEF8000,.bss,.data.R,RETENTION_RAM.bss,RETENTION_RAM.data.R/FEF01000,USER_SHARED_SEC.bss,USER_SHARED_SEC.data.R,GLOBAL_RAM_B.bss,GLOBAL_RAM_B.data.R/FEFF8000
-rom=.data=.data.R,IOC_RESERVED_SEC.data=IOC_RESERVED_SEC.data.R,USER_SHARED_SEC.data=USER_SHARED_SEC.data.R,LOCAL_RAM_PE2.data=LOCAL_RAM_PE2.data.R,LOCAL_RAM_PE1.data=LOCAL_RAM_PE1.data.R,SELF_AREA.data=SELF_AREA.data.R,GLOBAL_RAM_A.data=GLOBAL_RAM_A.data.R,RETENTION_RAM.data=RETENTION_RAM.data.R,GLOBAL_RAM_B.data=GLOBAL_RAM_B.data.R,OSAPP_app_lion_SEC.data=OSAPP_app_lion_SEC.data.R,ISR_I001_SEC.data=ISR_I001_SEC.data.R,ISR_I002_SEC.data=ISR_I002_SEC.data.R,ISR_I003_SEC.data=ISR_I003_SEC.data.R,ISR_I004_SEC.data=ISR_I004_SEC.data.R,TASK_T001_SEC.data=TASK_T001_SEC.data.R,TASK_T002_SEC.data=TASK_T002_SEC.data.R,TASK_T003_SEC.data=TASK_T003_SEC.data.R,OSAPP_app2_SEC.data=OSAPP_app2_SEC.data.R,ISR_I101_SEC.data=ISR_I101_SEC.data.R,ISR_I102_SEC.data=ISR_I102_SEC.data.R,ISR_I103_SEC.data=ISR_I103_SEC.data.R,ISR_I104_SEC.data=ISR_I104_SEC.data.R,TASK_T101_SEC.data=TASK_T101_SEC.data.R,TASK_T102_SEC.data=TASK_T102_SEC.data.R,TASK_T103_SEC.data=TASK_T103_SEC.data.R,OSAPP_app3_SEC.data=OSAPP_app3_SEC.data.R,ISR_I005_SEC.data=ISR_I005_SEC.data.R,ISR_I006_SEC.data=ISR_I006_SEC.data.R,TASK_T004_SEC.data=TASK_T004_SEC.data.R,TASK_T005_SEC.data=TASK_T005_SEC.data.R,TASK_T006_SEC.data=TASK_T006_SEC.data.R,OSAPP_app4_SEC.data=OSAPP_app4_SEC.data.R,ISR_I105_SEC.data=ISR_I105_SEC.data.R,ISR_I106_SEC.data=ISR_I106_SEC.data.R,TASK_T104_SEC.data=TASK_T104_SEC.data.R,TASK_T105_SEC.data=TASK_T105_SEC.data.R,TASK_T106_SEC.data=TASK_T106_SEC.data.R,TASK_SysTask_core0.data=TASK_SysTask_core0.data.R,TASK_SysTask_core1.data=TASK_SysTask_core1.data.R
-memory=high
-nologo
-end

*** Error information ***

W0561120:Section address is not assigned to "TASK_SysTask_core0.text"
W0561120:Section address is not assigned to "TASK_SysTask_core1.text"

*** Mapping List ***

SECTION                            START      END         SIZE   ALIGN
RESET_PE1
                                  00000000  000001f7       1f8   200
EIINTTBL_PE1
                                  00000200  0000077b       57c   200
SYSTEMCALLTBL
                                  00000800  00000867        68   200
.text
                                  00008000  000244f7     1c4f8   2
IOC_RESERVED_SEC.text
                                  000244f8  000244f9         2   2
USER_SHARED_SEC.text
                                  000244fa  000244fb         2   2
LOCAL_RAM_PE1.text
                                  000244fc  000244fd         2   2
LOCAL_RAM_PE2.text
                                  000244fe  000244ff         2   2
SELF_AREA.text
                                  00024500  00024501         2   2
GLOBAL_RAM_A.text
                                  00024502  00024503         2   2
RETENTION_RAM.text
                                  00024504  00024505         2   2
OSAPP_app_lion_SEC.text
                                  00024506  000246ff       1fa   2
ISR_I001_SEC.text
                                  00024700  00024703         4   2
ISR_I002_SEC.text
                                  00024704  00024707         4   2
ISR_I003_SEC.text
                                  00024708  0002470b         4   2
ISR_I004_SEC.text
                                  0002470c  0002470f         4   2
TASK_T001_SEC.text
                                  00024710  00024777        68   2
TASK_T002_SEC.text
                                  00024778  0002477b         4   2
TASK_T003_SEC.text
                                  0002477c  0002477f         4   2
OSAPP_app2_SEC.text
                                  00024780  0002496b       1ec   2
ISR_I101_SEC.text
                                  0002496c  0002496f         4   2
ISR_I102_SEC.text
                                  00024970  00024973         4   2
ISR_I103_SEC.text
                                  00024974  00024977         4   2
ISR_I104_SEC.text
                                  00024978  0002497b         4   2
TASK_T101_SEC.text
                                  0002497c  00024a2f        b4   2
TASK_T102_SEC.text
                                  00024a30  00024a33         4   2
TASK_T103_SEC.text
                                  00024a34  00024a37         4   2
OSAPP_app3_SEC.text
                                  00024a38  00024c07       1d0   2
ISR_I005_SEC.text
                                  00024c08  00024c0b         4   2
ISR_I006_SEC.text
                                  00024c0c  00024c0f         4   2
TASK_T004_SEC.text
                                  00024c10  00024c13         4   2
TASK_T005_SEC.text
                                  00024c14  00024c17         4   2
TASK_T006_SEC.text
                                  00024c18  00024c1b         4   2
OSAPP_app4_SEC.text
                                  00024c1c  00024deb       1d0   2
ISR_I105_SEC.text
                                  00024dec  00024def         4   2
ISR_I106_SEC.text
                                  00024df0  00024df3         4   2
TASK_T104_SEC.text
                                  00024df4  00024df7         4   2
TASK_T105_SEC.text
                                  00024df8  00024dfb         4   2
TASK_T106_SEC.text
                                  00024dfc  00024dff         4   2
GLOBAL_RAM_B.text
                                  00024e00  00024e01         2   2
RESET_PE2
                                  00800000  008001f7       1f8   200
EIINTTBL_PE2
                                  00800200  008009ff       800   200
.const
                                  00800a00  00801a86      1087   4
IOC_RESERVED_SEC.const
                                  00801a88  00801a8b         4   4
USER_SHARED_SEC.const
                                  00801a8c  00801a8f         4   4
LOCAL_RAM_PE1.const
                                  00801a90  00801a93         4   4
LOCAL_RAM_PE2.const
                                  00801a94  00801a97         4   4
SELF_AREA.const
                                  00801a98  00801a9b         4   4
OSAPP_app_lion_SEC.const
                                  00801a9c  00801cd6       23b   4
ISR_I001_SEC.const
                                  00801cd8  00801cdb         4   4
ISR_I002_SEC.const
                                  00801cdc  00801cdf         4   4
ISR_I003_SEC.const
                                  00801ce0  00801ce3         4   4
ISR_I004_SEC.const
                                  00801ce4  00801ce7         4   4
TASK_T001_SEC.const
                                  00801ce8  00801cfb        14   4
TASK_T002_SEC.const
                                  00801cfc  00801cff         4   4
TASK_T003_SEC.const
                                  00801d00  00801d03         4   4
OSAPP_app2_SEC.const
                                  00801d04  00801f3e       23b   4
ISR_I101_SEC.const
                                  00801f40  00801f43         4   4
ISR_I102_SEC.const
                                  00801f44  00801f47         4   4
ISR_I103_SEC.const
                                  00801f48  00801f4b         4   4
ISR_I104_SEC.const
                                  00801f4c  00801f4f         4   4
TASK_T101_SEC.const
                                  00801f50  00801f73        24   4
TASK_T102_SEC.const
                                  00801f74  00801f77         4   4
TASK_T103_SEC.const
                                  00801f78  00801f7b         4   4
OSAPP_app3_SEC.const
                                  00801f7c  008021b6       23b   4
ISR_I005_SEC.const
                                  008021b8  008021bb         4   4
ISR_I006_SEC.const
                                  008021bc  008021bf         4   4
TASK_T004_SEC.const
                                  008021c0  008021c3         4   4
TASK_T005_SEC.const
                                  008021c4  008021c7         4   4
TASK_T006_SEC.const
                                  008021c8  008021cb         4   4
OSAPP_app4_SEC.const
                                  008021cc  00802406       23b   4
ISR_I105_SEC.const
                                  00802408  0080240b         4   4
ISR_I106_SEC.const
                                  0080240c  0080240f         4   4
TASK_T104_SEC.const
                                  00802410  00802413         4   4
TASK_T105_SEC.const
                                  00802414  00802417         4   4
TASK_T106_SEC.const
                                  00802418  0080241b         4   4
TASK_SysTask_core0.const
                                  0080241c  0080241f         4   4
TASK_SysTask_core1.const
                                  00802420  00802423         4   4
GLOBAL_RAM_A.const
                                  00802424  00802427         4   4
RETENTION_RAM.const
                                  00802428  0080242b         4   4
GLOBAL_RAM_B.const
                                  0080242c  0080242f         4   4
.data
                                  00802430  00803c13      17e4   4
IOC_RESERVED_SEC.data
                                  00803c14  00803c17         4   4
USER_SHARED_SEC.data
                                  00803c18  00803c1b         4   4
LOCAL_RAM_PE1.data
                                  00803c1c  00803c1f         4   4
LOCAL_RAM_PE2.data
                                  00803c20  00803c23         4   4
SELF_AREA.data
                                  00803c24  00803c27         4   4
OSAPP_app_lion_SEC.data
                                  00803c28  00803c2f         8   4
ISR_I001_SEC.data
                                  00803c30  00803c33         4   4
ISR_I002_SEC.data
                                  00803c34  00803c37         4   4
ISR_I003_SEC.data
                                  00803c38  00803c3b         4   4
ISR_I004_SEC.data
                                  00803c3c  00803c3f         4   4
TASK_T001_SEC.data
                                  00803c40  00803c43         4   4
TASK_T002_SEC.data
                                  00803c44  00803c47         4   4
TASK_T003_SEC.data
                                  00803c48  00803c4b         4   4
OSAPP_app2_SEC.data
                                  00803c4c  00803c53         8   4
ISR_I101_SEC.data
                                  00803c54  00803c57         4   4
ISR_I102_SEC.data
                                  00803c58  00803c5b         4   4
ISR_I103_SEC.data
                                  00803c5c  00803c5f         4   4
ISR_I104_SEC.data
                                  00803c60  00803c63         4   4
TASK_T101_SEC.data
                                  00803c64  00803c67         4   4
TASK_T102_SEC.data
                                  00803c68  00803c6b         4   4
TASK_T103_SEC.data
                                  00803c6c  00803c6f         4   4
OSAPP_app3_SEC.data
                                  00803c70  00803c77         8   4
ISR_I005_SEC.data
                                  00803c78  00803c7b         4   4
ISR_I006_SEC.data
                                  00803c7c  00803c7f         4   4
TASK_T004_SEC.data
                                  00803c80  00803c83         4   4
TASK_T005_SEC.data
                                  00803c84  00803c87         4   4
TASK_T006_SEC.data
                                  00803c88  00803c8b         4   4
OSAPP_app4_SEC.data
                                  00803c8c  00803c93         8   4
ISR_I105_SEC.data
                                  00803c94  00803c97         4   4
ISR_I106_SEC.data
                                  00803c98  00803c9b         4   4
TASK_T104_SEC.data
                                  00803c9c  00803c9f         4   4
TASK_T105_SEC.data
                                  00803ca0  00803ca3         4   4
TASK_T106_SEC.data
                                  00803ca4  00803ca7         4   4
TASK_SysTask_core0.data
                                  00803ca8  00803cab         4   4
TASK_SysTask_core1.data
                                  00803cac  00803caf         4   4
GLOBAL_RAM_A.data
                                  00803cb0  00803cb3         4   4
RETENTION_RAM.data
                                  00803cb4  00803cb7         4   4
GLOBAL_RAM_B.data
                                  00803cb8  00803cbb         4   4
LOCAL_RAM_PE2.bss
                                  fe9e0000  fe9e0003         4   4
LOCAL_RAM_PE2.data.R
                                  fe9e0004  fe9e0007         4   4
OSAPP_app2_SEC.bss
                                  fe9e0008  fe9e000b         4   4
OSAPP_app2_SEC.data.R
                                  fe9e000c  fe9e0013         8   4
ISR_I101_SEC.bss
                                  fe9e0014  fe9e0017         4   4
ISR_I101_SEC.data.R
                                  fe9e0018  fe9e001b         4   4
ISR_I102_SEC.bss
                                  fe9e001c  fe9e001f         4   4
ISR_I102_SEC.data.R
                                  fe9e0020  fe9e0023         4   4
ISR_I103_SEC.bss
                                  fe9e0024  fe9e0027         4   4
ISR_I103_SEC.data.R
                                  fe9e0028  fe9e002b         4   4
ISR_I104_SEC.bss
                                  fe9e002c  fe9e002f         4   4
ISR_I104_SEC.data.R
                                  fe9e0030  fe9e0033         4   4
TASK_T101_SEC.bss
                                  fe9e0034  fe9e0037         4   4
TASK_T101_SEC.data.R
                                  fe9e0038  fe9e003b         4   4
TASK_T102_SEC.bss
                                  fe9e003c  fe9e003f         4   4
TASK_T102_SEC.data.R
                                  fe9e0040  fe9e0043         4   4
TASK_T103_SEC.bss
                                  fe9e0044  fe9e0047         4   4
TASK_T103_SEC.data.R
                                  fe9e0048  fe9e004b         4   4
OSAPP_app4_SEC.bss
                                  fe9e004c  fe9e004f         4   4
OSAPP_app4_SEC.data.R
                                  fe9e0050  fe9e0057         8   4
ISR_I105_SEC.bss
                                  fe9e0058  fe9e005b         4   4
ISR_I105_SEC.data.R
                                  fe9e005c  fe9e005f         4   4
ISR_I106_SEC.bss
                                  fe9e0060  fe9e0063         4   4
ISR_I106_SEC.data.R
                                  fe9e0064  fe9e0067         4   4
TASK_T104_SEC.bss
                                  fe9e0068  fe9e006b         4   4
TASK_T104_SEC.data.R
                                  fe9e006c  fe9e006f         4   4
TASK_T105_SEC.bss
                                  fe9e0070  fe9e0073         4   4
TASK_T105_SEC.data.R
                                  fe9e0074  fe9e0077         4   4
TASK_T106_SEC.bss
                                  fe9e0078  fe9e007b         4   4
TASK_T106_SEC.data.R
                                  fe9e007c  fe9e007f         4   4
TASK_SysTask_core1.bss
                                  fe9e0080  fe9e0093        14   4
TASK_SysTask_core1.data.R
                                  fe9e0094  fe9e0097         4   4
ALL_TASK_ISR_STACK_PE2.bss
                                  fe9e0098  fe9e18c7      1830   4
system_pe2_stack.bss
                                  fe9e18c8  fe9e1cc7       400   4
LOCAL_RAM_PE1.bss
                                  febc0000  febc0003         4   4
LOCAL_RAM_PE1.data.R
                                  febc0004  febc0007         4   4
OSAPP_app_lion_SEC.bss
                                  febc0008  febc000b         4   4
OSAPP_app_lion_SEC.data.R
                                  febc000c  febc0013         8   4
ISR_I001_SEC.bss
                                  febc0014  febc0017         4   4
ISR_I001_SEC.data.R
                                  febc0018  febc001b         4   4
ISR_I002_SEC.bss
                                  febc001c  febc001f         4   4
ISR_I002_SEC.data.R
                                  febc0020  febc0023         4   4
ISR_I003_SEC.bss
                                  febc0024  febc0027         4   4
ISR_I003_SEC.data.R
                                  febc0028  febc002b         4   4
ISR_I004_SEC.bss
                                  febc002c  febc002f         4   4
ISR_I004_SEC.data.R
                                  febc0030  febc0033         4   4
TASK_T001_SEC.bss
                                  febc0034  febc0037         4   4
TASK_T001_SEC.data.R
                                  febc0038  febc003b         4   4
TASK_T002_SEC.bss
                                  febc003c  febc003f         4   4
TASK_T002_SEC.data.R
                                  febc0040  febc0043         4   4
TASK_T003_SEC.bss
                                  febc0044  febc0047         4   4
TASK_T003_SEC.data.R
                                  febc0048  febc004b         4   4
OSAPP_app3_SEC.bss
                                  febc004c  febc004f         4   4
OSAPP_app3_SEC.data.R
                                  febc0050  febc0057         8   4
ISR_I005_SEC.bss
                                  febc0058  febc005b         4   4
ISR_I005_SEC.data.R
                                  febc005c  febc005f         4   4
ISR_I006_SEC.bss
                                  febc0060  febc0063         4   4
ISR_I006_SEC.data.R
                                  febc0064  febc0067         4   4
TASK_T004_SEC.bss
                                  febc0068  febc006b         4   4
TASK_T004_SEC.data.R
                                  febc006c  febc006f         4   4
TASK_T005_SEC.bss
                                  febc0070  febc0073         4   4
TASK_T005_SEC.data.R
                                  febc0074  febc0077         4   4
TASK_T006_SEC.bss
                                  febc0078  febc007b         4   4
TASK_T006_SEC.data.R
                                  febc007c  febc007f         4   4
TASK_SysTask_core0.bss
                                  febc0080  febc0093        14   4
TASK_SysTask_core0.data.R
                                  febc0094  febc0097         4   4
ALL_TASK_ISR_STACK_PE1.bss
                                  febc0098  febc18c7      1830   4
system_pe1_stack.bss
                                  febc18c8  febc1cc7       400   4
SELF_AREA.bss
                                  fedfe000  fedfe053        54   4
SELF_AREA.data.R
                                  fedfe054  fedfe057         4   4
IOC_RESERVED_SEC.bss
                                  feef8000  feef8003         4   4
IOC_RESERVED_SEC.data.R
                                  feef8004  feef8007         4   4
GLOBAL_RAM_A.bss
                                  feef8008  feef802b        24   4
GLOBAL_RAM_A.data.R
                                  feef802c  feef802f         4   4
.bss
                                  fef01000  fef027c5      17c6   4
.data.R
                                  fef027c8  fef03fab      17e4   4
RETENTION_RAM.bss
                                  fef03fac  fef03faf         4   4
RETENTION_RAM.data.R
                                  fef03fb0  fef03fb3         4   4
USER_SHARED_SEC.bss
                                  feff8000  feff8043        44   4
USER_SHARED_SEC.data.R
                                  feff8044  feff8047         4   4
GLOBAL_RAM_B.bss
                                  feff8048  feff804b         4   4
GLOBAL_RAM_B.data.R
                                  feff804c  feff804f         4   4
TASK_SysTask_core0.text
                                  feff8050  feff8051         2   2
TASK_SysTask_core1.text
                                  feff8052  feff8053         2   2
